============================= test session starts =============================
platform win32 -- Python 3.13.2, pytest-8.3.5, pluggy-1.5.0 -- C:\Users\micha\AppData\Local\Microsoft\WindowsApps\PythonSoftwareFoundation.Python.3.13_qbz5n2kfra8p0\python.exe
cachedir: .pytest_cache
rootdir: C:\Programming\AlgoTrader
configfile: pytest.ini
plugins: anyio-4.9.0, asyncio-0.25.3
asyncio: mode=Mode.AUTO, asyncio_default_fixture_loop_scope=function
collecting ... collected 1 item

backend/services/RawDataService/test_raw_data_service.py::TestRawDataService::test_debug_info PASSED [100%]

============================== 1 passed in 0.63s ==============================
